// Jest Snapshot v1, https://goo.gl/fbAQLP

exports[`Creates a component renders correctly 1`] = `
<div
  className="pokedex-container"
>
  <div
    className="SearchBar"
  >
    <div
      className="search-cont"
    >
      <svg
        aria-hidden={true}
        className="MuiSvgIcon-root searchicon"
        focusable="false"
        viewBox="0 0 24 24"
      >
        <path
          d="M15.5 14h-.79l-.28-.27C15.41 12.59 16 11.11 16 9.5 16 5.91 13.09 3 9.5 3S3 5.91 3 9.5 5.91 16 9.5 16c1.61 0 3.09-.59 4.23-1.57l.27.28v.79l5 4.99L20.49 19l-4.99-5zm-6 0C7.01 14 5 11.99 5 9.5S7.01 5 9.5 5 14 7.01 14 9.5 11.99 14 9.5 14z"
        />
      </svg>
      <div
        className="MuiFormControl-root MuiTextField-root input-search"
      >
        <label
          className="MuiFormLabel-root MuiInputLabel-root MuiInputLabel-formControl MuiInputLabel-animated"
          data-shrink={false}
        >
          Pokemon
        </label>
        <div
          className="MuiInputBase-root MuiInput-root MuiInput-underline MuiInputBase-formControl MuiInput-formControl"
          onClick={[Function]}
        >
          <input
            aria-invalid={false}
            autoFocus={false}
            className="MuiInputBase-input MuiInput-input"
            disabled={false}
            onAnimationStart={[Function]}
            onBlur={[Function]}
            onChange={[Function]}
            onFocus={[Function]}
            required={false}
            type="text"
          />
        </div>
      </div>
    </div>
    <div
      className="Pagination-container"
    >
      <button
        onClick={[Function]}
        type="button"
      >
        Previous
      </button>
      <button
        onClick={[Function]}
        type="button"
      >
        Next
      </button>
    </div>
  </div>
  <div
    className="pokecontainer"
  >
    <p>
      Hi
    </p>
  </div>
</div>
`;
